../Core/Src/main.c:142:13:SineTable_Init	24	static
../Core/Src/main.c:153:13:Tone_SetFrequency	16	static
../Core/Src/main.c:159:13:Tone_Stop	4	static
../Core/Src/main.c:166:13:NokiaPlayer_StartCurrentNote	32	static
../Core/Src/main.c:182:13:NokiaPlayer_Start	8	static
../Core/Src/main.c:187:13:NokiaPlayer_Update	16	static
../Core/Src/main.c:228:5:main	8	static
../Core/Src/main.c:287:6:SystemClock_Config	88	static
../Core/Src/main.c:330:13:MX_TIM2_Init	64	static
../Core/Src/main.c:385:13:MX_TIM3_Init	32	static
../Core/Src/main.c:427:13:MX_USB_OTG_FS_PCD_Init	8	static
../Core/Src/main.c:460:13:MX_GPIO_Init	40	static
../Core/Src/main.c:496:6:HAL_GPIO_EXTI_Callback	16	static
../Core/Src/main.c:513:6:HAL_TIM_PeriodElapsedCallback	24	static
../Core/Src/main.c:532:6:Error_Handler	4	static,ignoring_inline_asm
