../Core/Src/main.c:97:5:main	8	static
../Core/Src/main.c:147:6:SystemClock_Config	88	static
../Core/Src/main.c:195:13:MX_GPIO_Init	40	static
../Core/Src/main.c:234:13:usbPrint	16	static
../Core/Src/main.c:241:13:updateBlinking	16	static
../Core/Src/main.c:269:13:updateButtons	24	static
../Core/Src/main.c:377:13:setLedStates	8	static
../Core/Src/main.c:392:13:enableSlowMode	8	static
../Core/Src/main.c:399:13:enableFastMode	8	static
../Core/Src/main.c:406:13:enableAccelerationMode	8	static
../Core/Src/main.c:418:6:Error_Handler	4	static,ignoring_inline_asm
