/Users/yurii/code/personal/embedded/stm32-playground/ldr-experiment/Core/Src/main.c:70:5:main	3
/Users/yurii/code/personal/embedded/stm32-playground/ldr-experiment/Core/Src/main.c:132:6:SystemClock_Config	3
/Users/yurii/code/personal/embedded/stm32-playground/ldr-experiment/Core/Src/main.c:178:13:MX_ADC1_Init	3
/Users/yurii/code/personal/embedded/stm32-playground/ldr-experiment/Core/Src/main.c:227:13:MX_GPIO_Init	1
/Users/yurii/code/personal/embedded/stm32-playground/ldr-experiment/Core/Src/main.c:249:6:Error_Handler	1
